Script started on 2021-09-26 21:20:33-04:00
bash-4.4$ date
Sun Sep 26 21:20:35 EDT 2021
bash-4.4$ uname -a
Linux zeus-1.vse.gmu.edu 4.18.0-305.10.2.el8_4.x86_64 #1 SMP Mon Jul 12 04:43:18 EDT 2021 x86_64 x86_64 x86_64 GNU/Linux
bash-4.4$ pwd
/home/nlocklea/CS262/Assignments/Lab3_nlocklea_221
bash-4.4$ ls
lab3_nlocklea_221.c  lab3_typecript_nlocklea_221  Makefile
bash-4.4$ cat lab1[K3_nlocklea)[K_221.c
/* Nicholas Locklear G01090642
 * CS 262, Lab Section 221
 * Lab 3
 * Note: there are newlines inlcuded interittently to help with readability.
 */

#include <stdio.h>
#include <ctype.h>
#include <string.h>
#include <stdlib.h>

void menu(char *input){
	char Buffer[100]; 
 

	printf("Welcome. Here is a list of menu options\n");
	printf("To enter or change a character, press 'C' or 'c'\n");
	printf("To enter or change a number, press 'N' or 'n'\n");
	printf("To print a plus (+) figure, press '1'\n");
	printf("To print a star (*), press '2'\n");
	printf("To quit the program, press 'Q' or 'q'\n\n");
	printf("Please enter a character: "); 
	fgets(Buffer, 100, stdin); 
	sscanf(Buffer, "%c", input);
	printf("\n");
}

void character_select( char *C){
	char Buffer[100];
	printf("Please enter a new character: ");
	fgets(Buffer, 100, stdin); 
	sscanf(Buffer, "%c", C); 
	printf("\n");
}

void size_select(int *N){
	char Buffer[100]; 
	int myInt = 0; 
	printf("Please enter an odd number between 3 and 15 to determine the size of the design: ");
	fgets(Buffer, 100, stdin); 
	sscanf(Buffer, "%d", &myInt); 
	printf("\n");

	if(myInt < 3 || myInt > 15 ){
		printf("Invalid number.\n");
		size_select(N);
	}
	else if (myInt %2 != 0){
		*N = myInt;
	}
	else{
		printf("Invalid number.\n");
		size_select(N);
	}

}

void plus_output(int N, char C){
	int i;
	int j;

	for(i = 1; i <= N; i++){  
		if(i == ((N / 2) + 1)){  

			for(j = 1; j <= N; j++){  
        			printf("%c", C);
			}  
		}  
		else{  

			for(j = 1; j <= N / 2; j++){
				printf(" ");
			}	
			printf("%c", C);
		}  
		printf("\n");  
	}
	printf("\n"); 
}  

void star_output(int N, char C){
	int m = (2 * N -1);
	int i;
	int j;

	for(i = 1; i <= m; i++){ 

		for(j = 1; j <= m; j++){  
			if(i == j || j == (m - i + 1)){  
				printf("%c", C);  
			}  
			else{  
				printf(" ");  
			}  
		}  
	printf("\n");
	}
	printf("\n");
}


int main(){
	int N = 0;
	char C = ' ';
    	char input;
	menu(&input);

	while ( input != 'q' || input != 'Q'){
		if ( input == 'q' || input == 'Q'){
			break;
		}
		switch(input){
			case 'c':
			case 'C':
				character_select(&C);
				menu(&input);
				break;
			case 'n':
			case 'N':
				size_select(&N);
				menu(&input);
				break;
			case '1':
				plus_output(N, C);
				menu(&input);
				break;
			case '2':
				star_output(N, C);
				menu(&input);
				break;
			default:
				printf("Invalid entry. Returning to menu.\n\n");
				menu(&input);
				break;
		}
	}
	printf("Thank you, goodbye.");
    	return 0;
}

bash-4.4$ make clean
rm lab3_nlocklea_221
rm: cannot remove 'lab3_nlocklea_221': No such file or directory
make: *** [Makefile:14: clean] Error 1
bash-4.4$ make all
gcc -g -Wall -std=c89 -pedantic-errors -o lab3_nlocklea_221 lab3_nlocklea_221.c
bash-4.4$ ls
lab3_nlocklea_221  lab3_nlocklea_221.c	lab3_typecript_nlocklea_221  Makefile
bash-4.4$ lam[Kb3_nlocklea_221
bash: lab3_nlocklea_221: command not found
bash-4.4$ ./lab3_nlocklea_221
Welcome. Here is a list of menu options
To enter or change a character, press 'C' or 'c'
To enter or change a number, press 'N' or 'n'
To print a plus (+) figure, press '1'
To print a star (*), press '2'
To quit the program, press 'Q' or 'q'

Please enter a character: 1


Welcome. Here is a list of menu options
To enter or change a character, press 'C' or 'c'
To enter or change a number, press 'N' or 'n'
To print a plus (+) figure, press '1'
To print a star (*), press '2'
To quit the program, press 'Q' or 'q'

Please enter a character: 2


Welcome. Here is a list of menu options
To enter or change a character, press 'C' or 'c'
To enter or change a number, press 'N' or 'n'
To print a plus (+) figure, press '1'
To print a star (*), press '2'
To quit the program, press 'Q' or 'q'

Please enter a character: c

Please enter a new character: o

Welcome. Here is a list of menu options
To enter or change a character, press 'C' or 'c'
To enter or change a number, press 'N' or 'n'
To print a plus (+) figure, press '1'
To print a star (*), press '2'
To quit the program, press 'Q' or 'q'

Please enter a character: q 1


Welcome. Here is a list of menu options
To enter or change a character, press 'C' or 'c'
To enter or change a number, press 'N' or 'n'
To print a plus (+) figure, press '1'
To print a star (*), press '2'
To quit the program, press 'Q' or 'q'

Please enter a character: 2


Welcome. Here is a list of menu options
To enter or change a character, press 'C' or 'c'
To enter or change a number, press 'N' or 'n'
To print a plus (+) figure, press '1'
To print a star (*), press '2'
To quit the program, press 'Q' or 'q'

Please enter a character: n

Please enter an odd number between 3 and 15 to determine the size of the design: -5

Invalid number.
Please enter an odd number between 3 and 15 to determine the size of the design: 6

Invalid number.
Please enter an odd number between 3 and 15 to determine the size of the design: 9

Welcome. Here is a list of menu options
To enter or change a character, press 'C' or 'c'
To enter or change a number, press 'N' or 'n'
To print a plus (+) figure, press '1'
To print a star (*), press '2'
To quit the program, press 'Q' or 'q'

Please enter a character: 1

    o
    o
    o
    o
ooooooooo
    o
    o
    o
    o

Welcome. Here is a list of menu options
To enter or change a character, press 'C' or 'c'
To enter or change a number, press 'N' or 'n'
To print a plus (+) figure, press '1'
To print a star (*), press '2'
To quit the program, press 'Q' or 'q'

Please enter a character: 2

o               o
 o             o 
  o           o  
   o         o   
    o       o    
     o     o     
      o   o      
       o o       
        o        
       o o       
      o   o      
     o     o     
    o       o    
   o         o   
  o           o  
 o             o 
o               o

Welcome. Here is a list of menu options
To enter or change a character, press 'C' or 'c'
To enter or change a number, press 'N' or 'n'
To print a plus (+) figure, press '1'
To print a star (*), press '2'
To quit the program, press 'Q' or 'q'

Please enter a character: c

Please enter a new character: +

Welcome. Here is a list of menu options
To enter or change a character, press 'C' or 'c'
To enter or change a number, press 'N' or 'n'
To print a plus (+) figure, press '1'
To print a star (*), press '2'
To quit the program, press 'Q' or 'q'

Please enter a character: 1

    +
    +
    +
    +
+++++++++
    +
    +
    +
    +

Welcome. Here is a list of menu options
To enter or change a character, press 'C' or 'c'
To enter or change a number, press 'N' or 'n'
To print a plus (+) figure, press '1'
To print a star (*), press '2'
To quit the program, press 'Q' or 'q'

Please enter a character: 2

+               +
 +             + 
  +           +  
   +         +   
    +       +    
     +     +     
      +   +      
       + +       
        +        
       + +       
      +   +      
     +     +     
    +       +    
   +         +   
  +           +  
 +             + 
+               +

Welcome. Here is a list of menu options
To enter or change a character, press 'C' or 'c'
To enter or change a number, press 'N' or 'n'
To print a plus (+) figure, press '1'
To print a star (*), press '2'
To quit the program, press 'Q' or 'q'

Please enter a character: n N

Please enter an odd number between 3 and 15 to determine the size of the design: 15

Welcome. Here is a list of menu options
To enter or change a character, press 'C' or 'c'
To enter or change a number, press 'N' or 'n'
To print a plus (+) figure, press '1'
To print a star (*), press '2'
To quit the program, press 'Q' or 'q'

Please enter a character: 2

+                           +
 +                         + 
  +                       +  
   +                     +   
    +                   +    
     +                 +     
      +               +      
       +             +       
        +           +        
         +         +         
          +       +          
           +     +           
            +   +            
             + +             
              +              
             + +             
            +   +            
           +     +           
          +       +          
         +         +         
        +           +        
       +             +       
      +               +      
     +                 +     
    +                   +    
   +                     +   
  +                       +  
 +                         + 
+                           +

Welcome. Here is a list of menu options
To enter or change a character, press 'C' or 'c'
To enter or change a number, press 'N' or 'n'
To print a plus (+) figure, press '1'
To print a star (*), press '2'
To quit the program, press 'Q' or 'q'

Please enter a character: 1

       +
       +
       +
       +
       +
       +
       +
+++++++++++++++
       +
       +
       +
       +
       +
       +
       +

Welcome. Here is a list of menu options
To enter or change a character, press 'C' or 'c'
To enter or change a number, press 'N' or 'n'
To print a plus (+) figure, press '1'
To print a star (*), press '2'
To quit the program, press 'Q' or 'q'

Please enter a character: F

Invalid entry. Returning to menu.

Welcome. Here is a list of menu options
To enter or change a character, press 'C' or 'c'
To enter or change a number, press 'N' or 'n'
To print a plus (+) figure, press '1'
To print a star (*), press '2'
To quit the program, press 'Q' or 'q'

Please enter a character: Q

Thank you, goodbye.bash-4.4$ make clean
rm lab3_nlocklea_221
bash-4.4$ exit

Script done on 2021-09-26 21:25:10-04:00
